// Jest Snapshot v1, https://goo.gl/fbAQLP

exports[`打包组件 正确导出组件包 1`] = `
Array [
  "Button",
  "Icon",
  "Row",
  "Col",
  "Modal",
  "Input",
  "Radio",
  "Checkbox",
  "Switch",
]
`;
