// Jest Snapshot v1, https://goo.gl/fbAQLP

exports[`Icon exports modules correctly 1`] = `
<svg
  className="icon"
>
  <use
    xlinkHref="#adn"
  />
</svg>
`;
